Copy paste the all the commands that you executed on IDLE:

>>> 273.15+25
298.15
>>> 911-314
597
>>> 3*19
57
>>> 2020/17
118.82352941176471
>>> (int)2020/17
SyntaxError: invalid syntax
>>> (int)(2020/17)
118
>>> 2021%21
5
>>> 2***7
SyntaxError: invalid syntax
>>> 2**7
128
